Running tests ...
[1A[KRunning 37 tests in 1 runtime ...
[1A[K[1m[32m37 tests, 37 assertions, 1 runtime ... OK[0m
